// Jest Snapshot v1, https://goo.gl/fbAQLP

exports[`renders 1`] = `
.c1 {
  font-size: 24px;
  color: palevioletred;
}

.c5 {
  font-size: 24px;
  color: rebeccapurple;
}

.c6 {
  font-weight: normal;
  display: -webkit-box;
  display: -webkit-flex;
  display: -ms-flexbox;
  display: flex;
  -webkit-box-pack: center;
  -webkit-justify-content: center;
  -ms-flex-pack: center;
  justify-content: center;
  -webkit-align-items: center;
  -webkit-box-align: center;
  -ms-flex-align: center;
  align-items: center;
  font-family: Helvetica, sans-serif;
}

.c6 .{
  margin: 3px;
}

<div
  className="c6"
>
  <p
    className="c0 sc-bdVaJa c1"
  >
    Hello
  </p>
  <p
    className="c4 sc-bdVaJa c5"
  >
    World!
  </p>
</div>
`;
