// Jest Snapshot v1, https://goo.gl/fbAQLP

exports[`renders 1`] = `
.c0 {
  font-size: 24px;
  color: palevioletred;
}

<p
  className="c0"
>
  Hello!
</p>
`;
